Running Gradle task 'assembleRelease'...                        
flutter : e: 
file:///C:/flutter/src/flutter/packages/flutter_tools/gradle/src/main/kotlin/FlutterPlugin.kt:764:21 Unresolved 
reference: filePermissions
Au caractère Ligne:1 : 49
+ ... App-main" ; flutter build apk --release 2>&1 > build_output.txt ; Get ...
+                 ~~~~~~~~~~~~~~~~~~~~~~~~~~~~~~~~~~~~~~~~~~~~~~~~~~~
    + CategoryInfo          : NotSpecified: (e: file:///C:/f...filePermissions:String) [], RemoteException
    + FullyQualifiedErrorId : NativeCommandError
 
e: file:///C:/flutter/src/flutter/packages/flutter_tools/gradle/src/main/kotlin/FlutterPlugin.kt:765:25 
Unresolved reference: user
e: file:///C:/flutter/src/flutter/packages/flutter_tools/gradle/src/main/kotlin/FlutterPlugin.kt:766:29 
Unresolved reference: read
e: file:///C:/flutter/src/flutter/packages/flutter_tools/gradle/src/main/kotlin/FlutterPlugin.kt:767:29 
Unresolved reference: write

FAILURE: Build failed with an exception.

* What went wrong:
Execution failed for task ':gradle:compileKotlin'.
> A failure occurred while executing 
org.jetbrains.kotlin.compilerRunner.GradleCompilerRunnerWithWorkers$GradleKotlinCompilerWorkAction
   > Compilation error. See log for more details

* Try:
> Run with --stacktrace option to get the stack trace.
> Run with --info or --debug option to get more log output.
> Run with --scan to get full insights.

* Get more help at https://help.gradle.org

BUILD FAILED in 8s
Running Gradle task 'assembleRelease'...                            9,6s
Gradle task assembleRelease failed with exit code 1
